// Jest Snapshot v1, https://goo.gl/fbAQLP

exports[`Puebas en <AddCategory/> Pruebas con de mostrarse correctamente  1`] = `
<form
  onSubmit={[Function]}
>
  <p />
  <input
    onChange={[Function]}
    type="text"
    value=""
  />
</form>
`;
